// Jest Snapshot v1, https://goo.gl/fbAQLP

exports[`MultiSelectField render() renders with form context 1`] = `
<div
  className=""
>
  <div
    className="controls"
  >
    <Component
      arrowRenderer={[Function]}
      disabled={false}
      hideErrorMessage={false}
      id="id-fieldName"
      multi={true}
      name="fieldName"
      options={
        Array [
          Object {
            "label": "a",
            "value": "a",
          },
          Object {
            "label": "b",
            "value": "b",
          },
        ]
      }
      required={false}
      style={
        Object {
          "overflow": "visible",
          "width": 200,
        }
      }
    />
  </div>
</div>
`;

exports[`MultiSelectField render() renders without form context 1`] = `
<div
  className=""
>
  <div
    className="controls"
  >
    <Component
      arrowRenderer={[Function]}
      disabled={false}
      hideErrorMessage={false}
      id="id-fieldName"
      multi={true}
      name="fieldName"
      options={
        Array [
          Object {
            "label": "a",
            "value": "a",
          },
          Object {
            "label": "b",
            "value": "b",
          },
        ]
      }
      required={false}
      style={
        Object {
          "overflow": "visible",
          "width": 200,
        }
      }
    />
  </div>
</div>
`;
